// Jest Snapshot v1, https://goo.gl/fbAQLP

exports[`Quaternion rotationFromAxisAndAngle() should construct a rotation quaternion from an axis and angle 1`] = `
Quaternion {
  "w": 0.7071067811865476,
  "x": 0,
  "y": 0.7071067811865475,
  "z": 0,
}
`;
