// Jest Snapshot v1, https://goo.gl/fbAQLP

exports[`generateV1ConnectionToken() should generate a connection token from the given connection key 1`] = `"MzZhZjkwMDc2MTYxOGNiMzIwOWQ2ODVjNjI3NTEzZGMxMWUyMjAwYjM1ZGIxMTgyYTFiNmYwN2YyZDU5N2Y5NQ=="`;
