// Jest Snapshot v1, https://goo.gl/fbAQLP

exports[`CoordinateSystem latLonToCartesian() should return a Vector3 for the given latitude and longitude and altitude 1`] = `
Vector3 {
  "x": 15.517540966287266,
  "y": 2.7361611466053493,
  "z": 2.7783708426708853,
}
`;
